[2026-08-04 11:07:42:742] [ERROR]: MongoDB Connection Error: connect ECONNREFUSED 127.0.0.1:27017
[2026-08-04 11:07:52:752] [ERROR]: MongoDB Connection Error: connect ECONNREFUSED 127.0.0.1:27017
[2026-08-04 11:10:39:1039] [ERROR]: MongoDB Connection Error: connect ECONNREFUSED 127.0.0.1:27017
[2026-08-04 11:26:07:267] [ERROR]: MongoDB Connection Error: connect ECONNREFUSED 127.0.0.1:27017
[2026-08-04 11:28:29:2829] [INFO]: MongoDB Connected: 127.0.0.1
[2026-08-04 11:28:29:2829] [INFO]: MongoDB Connected: 127.0.0.1
[2026-08-04 11:28:29:2829] [INFO]: ===============================================
[2026-08-04 11:28:29:2829] [INFO]: Starting Chhattisgarh Awards Database Seeding...
[2026-08-04 11:28:29:2829] [INFO]: ===============================================
[2026-08-04 11:28:29:2829] [INFO]: System Roles seeded successfully.
[2026-08-04 11:28:29:2829] [ERROR]: Database seeding failed: next is not a function
[2026-08-04 11:28:29:2829] [INFO]: ===================================================
[2026-08-04 11:28:29:2829] [INFO]: Server running in development mode on port 5000
[2026-08-04 11:28:29:2829] [INFO]: API Base URL: http://localhost:5000/api/v1
[2026-08-04 11:28:29:2829] [INFO]: Swagger Documentation: http://localhost:5000/api/docs
[2026-08-04 11:28:29:2829] [INFO]: ===================================================
[2026-08-04 11:29:15:2915] [INFO]: MongoDB Connected: 127.0.0.1
[2026-08-04 11:29:15:2915] [INFO]: MongoDB Connected: 127.0.0.1
[2026-08-04 11:29:15:2915] [INFO]: ===============================================
[2026-08-04 11:29:15:2915] [INFO]: Starting Chhattisgarh Awards Database Seeding...
[2026-08-04 11:29:15:2915] [INFO]: ===============================================
[2026-08-04 11:29:15:2915] [INFO]: System Roles seeded successfully.
[2026-08-04 11:29:15:2915] [INFO]: Created default Super Admin user: admin@gmail.com (password: password123)
[2026-08-04 11:29:15:2915] [INFO]: Award Categories seeded successfully.
[2026-08-04 11:29:15:2915] [INFO]: CMS default content seeded successfully.
[2026-08-04 11:29:15:2915] [INFO]: Portal settings initialized successfully.
[2026-08-04 11:29:15:2915] [INFO]: Seeding completed cleanly!
[2026-08-04 11:29:15:2915] [INFO]: ===================================================
[2026-08-04 11:29:15:2915] [INFO]: Server running in development mode on port 5000
[2026-08-04 11:29:15:2915] [INFO]: API Base URL: http://localhost:5000/api/v1
[2026-08-04 11:29:15:2915] [INFO]: Swagger Documentation: http://localhost:5000/api/docs
[2026-08-04 11:29:15:2915] [INFO]: ===================================================
[2026-08-04 11:29:20:2920] [INFO]: MongoDB Connected: 127.0.0.1
[2026-08-04 11:29:20:2920] [INFO]: MongoDB Connected: 127.0.0.1
[2026-08-04 11:29:20:2920] [INFO]: ===============================================
[2026-08-04 11:29:20:2920] [INFO]: Starting Chhattisgarh Awards Database Seeding...
[2026-08-04 11:29:20:2920] [INFO]: ===============================================
[2026-08-04 11:29:20:2920] [INFO]: System Roles seeded successfully.
[2026-08-04 11:29:20:2920] [INFO]: Super Admin user admin@gmail.com already exists.
[2026-08-04 11:29:20:2920] [INFO]: Award Categories seeded successfully.
[2026-08-04 11:29:20:2920] [INFO]: CMS default content seeded successfully.
[2026-08-04 11:29:20:2920] [INFO]: Portal settings initialized successfully.
[2026-08-04 11:29:20:2920] [INFO]: Seeding completed cleanly!
[2026-08-04 11:29:20:2920] [INFO]: ===================================================
[2026-08-04 11:29:20:2920] [INFO]: Server running in development mode on port 5000
[2026-08-04 11:29:20:2920] [INFO]: API Base URL: http://localhost:5000/api/v1
[2026-08-04 11:29:20:2920] [INFO]: Swagger Documentation: http://localhost:5000/api/docs
[2026-08-04 11:29:20:2920] [INFO]: ===================================================
[2026-08-04 11:29:25:2925] [INFO]: MongoDB Connected: 127.0.0.1
[2026-08-04 11:29:25:2925] [INFO]: MongoDB Connected: 127.0.0.1
[2026-08-04 11:29:25:2925] [INFO]: ===============================================
[2026-08-04 11:29:25:2925] [INFO]: Starting Chhattisgarh Awards Database Seeding...
[2026-08-04 11:29:25:2925] [INFO]: ===============================================
[2026-08-04 11:29:26:2926] [INFO]: System Roles seeded successfully.
[2026-08-04 11:29:26:2926] [INFO]: Super Admin user admin@gmail.com already exists.
[2026-08-04 11:29:26:2926] [INFO]: Award Categories seeded successfully.
[2026-08-04 11:29:26:2926] [INFO]: CMS default content seeded successfully.
[2026-08-04 11:29:26:2926] [INFO]: Portal settings initialized successfully.
[2026-08-04 11:29:26:2926] [INFO]: Seeding completed cleanly!
[2026-08-04 11:29:26:2926] [INFO]: ===================================================
[2026-08-04 11:29:26:2926] [INFO]: Server running in development mode on port 5000
[2026-08-04 11:29:26:2926] [INFO]: API Base URL: http://localhost:5000/api/v1
[2026-08-04 11:29:26:2926] [INFO]: Swagger Documentation: http://localhost:5000/api/docs
[2026-08-04 11:29:26:2926] [INFO]: ===================================================
[2026-08-04 11:29:31:2931] [INFO]: MongoDB Connected: 127.0.0.1
[2026-08-04 11:29:31:2931] [INFO]: MongoDB Connected: 127.0.0.1
[2026-08-04 11:29:31:2931] [INFO]: ===============================================
[2026-08-04 11:29:31:2931] [INFO]: Starting Chhattisgarh Awards Database Seeding...
[2026-08-04 11:29:31:2931] [INFO]: ===============================================
[2026-08-04 11:29:31:2931] [INFO]: System Roles seeded successfully.
[2026-08-04 11:29:31:2931] [INFO]: Super Admin user admin@gmail.com already exists.
[2026-08-04 11:29:31:2931] [INFO]: Award Categories seeded successfully.
[2026-08-04 11:29:31:2931] [INFO]: CMS default content seeded successfully.
[2026-08-04 11:29:31:2931] [INFO]: Portal settings initialized successfully.
[2026-08-04 11:29:31:2931] [INFO]: Seeding completed cleanly!
[2026-08-04 11:29:31:2931] [INFO]: ===================================================
[2026-08-04 11:29:31:2931] [INFO]: Server running in development mode on port 5000
[2026-08-04 11:29:31:2931] [INFO]: API Base URL: http://localhost:5000/api/v1
[2026-08-04 11:29:31:2931] [INFO]: Swagger Documentation: http://localhost:5000/api/docs
[2026-08-04 11:29:31:2931] [INFO]: ===================================================
[2026-08-04 11:29:35:2935] [INFO]: MongoDB Connected: 127.0.0.1
[2026-08-04 11:29:35:2935] [INFO]: MongoDB Connected: 127.0.0.1
[2026-08-04 11:29:35:2935] [INFO]: ===============================================
[2026-08-04 11:29:35:2935] [INFO]: Starting Chhattisgarh Awards Database Seeding...
[2026-08-04 11:29:35:2935] [INFO]: ===============================================
[2026-08-04 11:29:36:2936] [INFO]: System Roles seeded successfully.
[2026-08-04 11:29:36:2936] [INFO]: Super Admin user admin@gmail.com already exists.
[2026-08-04 11:29:36:2936] [INFO]: Award Categories seeded successfully.
[2026-08-04 11:29:36:2936] [INFO]: CMS default content seeded successfully.
[2026-08-04 11:29:36:2936] [INFO]: Portal settings initialized successfully.
[2026-08-04 11:29:36:2936] [INFO]: Seeding completed cleanly!
[2026-08-04 11:29:36:2936] [INFO]: ===================================================
[2026-08-04 11:29:36:2936] [INFO]: Server running in development mode on port 5000
[2026-08-04 11:29:36:2936] [INFO]: API Base URL: http://localhost:5000/api/v1
[2026-08-04 11:29:36:2936] [INFO]: Swagger Documentation: http://localhost:5000/api/docs
[2026-08-04 11:29:36:2936] [INFO]: ===================================================
[2026-08-04 11:29:45:2945] [INFO]: MongoDB Connected: 127.0.0.1
[2026-08-04 11:29:45:2945] [INFO]: MongoDB Connected: 127.0.0.1
[2026-08-04 11:29:45:2945] [INFO]: ===============================================
[2026-08-04 11:29:45:2945] [INFO]: Starting Chhattisgarh Awards Database Seeding...
[2026-08-04 11:29:45:2945] [INFO]: ===============================================
[2026-08-04 11:29:45:2945] [INFO]: System Roles seeded successfully.
[2026-08-04 11:29:45:2945] [INFO]: Super Admin user admin@gmail.com already exists.
[2026-08-04 11:29:45:2945] [INFO]: Award Categories seeded successfully.
[2026-08-04 11:29:45:2945] [INFO]: CMS default content seeded successfully.
[2026-08-04 11:29:45:2945] [INFO]: Portal settings initialized successfully.
[2026-08-04 11:29:45:2945] [INFO]: Seeding completed cleanly!
[2026-08-04 11:29:45:2945] [INFO]: ===================================================
[2026-08-04 11:29:45:2945] [INFO]: Server running in development mode on port 5000
[2026-08-04 11:29:45:2945] [INFO]: API Base URL: http://localhost:5000/api/v1
[2026-08-04 11:29:45:2945] [INFO]: Swagger Documentation: http://localhost:5000/api/docs
[2026-08-04 11:29:45:2945] [INFO]: ===================================================
[2026-08-04 11:29:51:2951] [INFO]: MongoDB Connected: 127.0.0.1
[2026-08-04 11:29:51:2951] [INFO]: MongoDB Connected: 127.0.0.1
[2026-08-04 11:29:51:2951] [INFO]: ===============================================
[2026-08-04 11:29:51:2951] [INFO]: Starting Chhattisgarh Awards Database Seeding...
[2026-08-04 11:29:51:2951] [INFO]: ===============================================
[2026-08-04 11:29:51:2951] [INFO]: System Roles seeded successfully.
[2026-08-04 11:29:51:2951] [INFO]: Super Admin user admin@gmail.com already exists.
[2026-08-04 11:29:51:2951] [INFO]: Award Categories seeded successfully.
[2026-08-04 11:29:51:2951] [INFO]: CMS default content seeded successfully.
[2026-08-04 11:29:51:2951] [INFO]: Portal settings initialized successfully.
[2026-08-04 11:29:51:2951] [INFO]: Seeding completed cleanly!
[2026-08-04 11:29:51:2951] [INFO]: ===================================================
[2026-08-04 11:29:51:2951] [INFO]: Server running in development mode on port 5000
[2026-08-04 11:29:51:2951] [INFO]: API Base URL: http://localhost:5000/api/v1
[2026-08-04 11:29:51:2951] [INFO]: Swagger Documentation: http://localhost:5000/api/docs
[2026-08-04 11:29:51:2951] [INFO]: ===================================================
[2026-08-04 11:29:56:2956] [INFO]: MongoDB Connected: 127.0.0.1
[2026-08-04 11:29:56:2956] [INFO]: MongoDB Connected: 127.0.0.1
[2026-08-04 11:29:56:2956] [INFO]: ===============================================
[2026-08-04 11:29:56:2956] [INFO]: Starting Chhattisgarh Awards Database Seeding...
[2026-08-04 11:29:56:2956] [INFO]: ===============================================
[2026-08-04 11:29:56:2956] [INFO]: System Roles seeded successfully.
[2026-08-04 11:29:56:2956] [INFO]: Super Admin user admin@gmail.com already exists.
[2026-08-04 11:29:56:2956] [INFO]: Award Categories seeded successfully.
[2026-08-04 11:29:56:2956] [INFO]: CMS default content seeded successfully.
[2026-08-04 11:29:56:2956] [INFO]: Portal settings initialized successfully.
[2026-08-04 11:29:56:2956] [INFO]: Seeding completed cleanly!
[2026-08-04 11:29:56:2956] [INFO]: ===================================================
[2026-08-04 11:29:56:2956] [INFO]: Server running in development mode on port 5000
[2026-08-04 11:29:56:2956] [INFO]: API Base URL: http://localhost:5000/api/v1
[2026-08-04 11:29:56:2956] [INFO]: Swagger Documentation: http://localhost:5000/api/docs
[2026-08-04 11:29:56:2956] [INFO]: ===================================================
[2026-08-04 11:30:07:307] [INFO]: MongoDB Connected: 127.0.0.1
[2026-08-04 11:30:07:307] [INFO]: MongoDB Connected: 127.0.0.1
[2026-08-04 11:30:07:307] [INFO]: ===============================================
[2026-08-04 11:30:07:307] [INFO]: Starting Chhattisgarh Awards Database Seeding...
[2026-08-04 11:30:07:307] [INFO]: ===============================================
[2026-08-04 11:30:07:307] [INFO]: System Roles seeded successfully.
[2026-08-04 11:30:07:307] [INFO]: Super Admin user admin@gmail.com already exists.
[2026-08-04 11:30:07:307] [INFO]: Award Categories seeded successfully.
[2026-08-04 11:30:07:307] [INFO]: CMS default content seeded successfully.
[2026-08-04 11:30:07:307] [INFO]: Portal settings initialized successfully.
[2026-08-04 11:30:07:307] [INFO]: Seeding completed cleanly!
[2026-08-04 11:30:08:308] [INFO]: ===================================================
[2026-08-04 11:30:08:308] [INFO]: Server running in development mode on port 5000
[2026-08-04 11:30:08:308] [INFO]: API Base URL: http://localhost:5000/api/v1
[2026-08-04 11:30:08:308] [INFO]: Swagger Documentation: http://localhost:5000/api/docs
[2026-08-04 11:30:08:308] [INFO]: ===================================================
[2026-08-04 11:30:12:3012] [INFO]: MongoDB Connected: 127.0.0.1
[2026-08-04 11:30:12:3012] [INFO]: MongoDB Connected: 127.0.0.1
[2026-08-04 11:30:12:3012] [INFO]: ===============================================
[2026-08-04 11:30:12:3012] [INFO]: Starting Chhattisgarh Awards Database Seeding...
[2026-08-04 11:30:12:3012] [INFO]: ===============================================
[2026-08-04 11:30:12:3012] [INFO]: System Roles seeded successfully.
[2026-08-04 11:30:12:3012] [INFO]: Super Admin user admin@gmail.com already exists.
[2026-08-04 11:30:12:3012] [INFO]: Award Categories seeded successfully.
[2026-08-04 11:30:12:3012] [INFO]: CMS default content seeded successfully.
[2026-08-04 11:30:12:3012] [INFO]: Portal settings initialized successfully.
[2026-08-04 11:30:12:3012] [INFO]: Seeding completed cleanly!
[2026-08-04 11:30:12:3012] [INFO]: ===================================================
[2026-08-04 11:30:12:3012] [INFO]: Server running in development mode on port 5000
[2026-08-04 11:30:12:3012] [INFO]: API Base URL: http://localhost:5000/api/v1
[2026-08-04 11:30:12:3012] [INFO]: Swagger Documentation: http://localhost:5000/api/docs
[2026-08-04 11:30:12:3012] [INFO]: ===================================================
[2026-08-04 11:30:19:3019] [INFO]: MongoDB Connected: 127.0.0.1
[2026-08-04 11:30:19:3019] [INFO]: MongoDB Connected: 127.0.0.1
[2026-08-04 11:30:19:3019] [INFO]: ===============================================
[2026-08-04 11:30:19:3019] [INFO]: Starting Chhattisgarh Awards Database Seeding...
[2026-08-04 11:30:19:3019] [INFO]: ===============================================
[2026-08-04 11:30:19:3019] [INFO]: System Roles seeded successfully.
[2026-08-04 11:30:19:3019] [INFO]: Super Admin user admin@gmail.com already exists.
[2026-08-04 11:30:19:3019] [INFO]: Award Categories seeded successfully.
[2026-08-04 11:30:19:3019] [INFO]: CMS default content seeded successfully.
[2026-08-04 11:30:19:3019] [INFO]: Portal settings initialized successfully.
[2026-08-04 11:30:19:3019] [INFO]: Seeding completed cleanly!
[2026-08-04 11:30:19:3019] [INFO]: ===================================================
[2026-08-04 11:30:19:3019] [INFO]: Server running in development mode on port 5000
[2026-08-04 11:30:19:3019] [INFO]: API Base URL: http://localhost:5000/api/v1
[2026-08-04 11:30:19:3019] [INFO]: Swagger Documentation: http://localhost:5000/api/docs
[2026-08-04 11:30:19:3019] [INFO]: ===================================================
[2026-08-04 11:30:26:3026] [INFO]: MongoDB Connected: 127.0.0.1
[2026-08-04 11:30:26:3026] [INFO]: MongoDB Connected: 127.0.0.1
[2026-08-04 11:30:26:3026] [INFO]: ===============================================
[2026-08-04 11:30:26:3026] [INFO]: Starting Chhattisgarh Awards Database Seeding...
[2026-08-04 11:30:26:3026] [INFO]: ===============================================
[2026-08-04 11:30:26:3026] [INFO]: System Roles seeded successfully.
[2026-08-04 11:30:26:3026] [INFO]: Super Admin user admin@gmail.com already exists.
[2026-08-04 11:30:26:3026] [INFO]: Award Categories seeded successfully.
[2026-08-04 11:30:26:3026] [INFO]: CMS default content seeded successfully.
[2026-08-04 11:30:26:3026] [INFO]: Portal settings initialized successfully.
[2026-08-04 11:30:26:3026] [INFO]: Seeding completed cleanly!
[2026-08-04 11:30:26:3026] [INFO]: ===================================================
[2026-08-04 11:30:26:3026] [INFO]: Server running in development mode on port 5000
[2026-08-04 11:30:26:3026] [INFO]: API Base URL: http://localhost:5000/api/v1
[2026-08-04 11:30:26:3026] [INFO]: Swagger Documentation: http://localhost:5000/api/docs
[2026-08-04 11:30:26:3026] [INFO]: ===================================================
[2026-08-04 11:30:34:3034] [INFO]: MongoDB Connected: 127.0.0.1
[2026-08-04 11:30:34:3034] [INFO]: ===============================================
[2026-08-04 11:30:34:3034] [INFO]: Starting Chhattisgarh Awards Database Seeding...
[2026-08-04 11:30:34:3034] [INFO]: ===============================================
[2026-08-04 11:30:35:3035] [INFO]: System Roles seeded successfully.
[2026-08-04 11:30:35:3035] [INFO]: Super Admin user admin@gmail.com already exists.
[2026-08-04 11:30:35:3035] [INFO]: Award Categories seeded successfully.
[2026-08-04 11:30:35:3035] [INFO]: CMS default content seeded successfully.
[2026-08-04 11:30:35:3035] [INFO]: Portal settings initialized successfully.
[2026-08-04 11:32:35:3235] [ERROR]: Failed to send email to creator@gmail.com: Missing credentials for "PLAIN"
[2026-08-04 11:33:13:3313] [ERROR]: Failed to send email to kadambhakti0219@gmail.com: Missing credentials for "PLAIN"
[2026-08-04 11:36:50:3650] [INFO]: MongoDB Connected: 127.0.0.1
[2026-08-04 11:36:50:3650] [INFO]: MongoDB Connected: 127.0.0.1
[2026-08-04 11:36:50:3650] [INFO]: ===============================================
[2026-08-04 11:36:50:3650] [INFO]: Starting Chhattisgarh Awards Database Seeding...
[2026-08-04 11:36:50:3650] [INFO]: ===============================================
[2026-08-04 11:36:50:3650] [INFO]: System Roles seeded successfully.
[2026-08-04 11:36:50:3650] [INFO]: Super Admin user admin@gmail.com already exists.
[2026-08-04 11:36:50:3650] [INFO]: Award Categories seeded successfully.
[2026-08-04 11:36:50:3650] [INFO]: CMS default content seeded successfully.
[2026-08-04 11:36:50:3650] [INFO]: Portal settings initialized successfully.
[2026-08-04 11:36:50:3650] [INFO]: Seeding completed cleanly!
[2026-08-04 11:36:50:3650] [INFO]: ===================================================
[2026-08-04 11:36:50:3650] [INFO]: Server running in development mode on port 5000
[2026-08-04 11:36:50:3650] [INFO]: API Base URL: http://localhost:5000/api/v1
[2026-08-04 11:36:50:3650] [INFO]: Swagger Documentation: http://localhost:5000/api/docs
[2026-08-04 11:36:50:3650] [INFO]: ===================================================
[2026-08-04 11:37:02:372] [INFO]: MongoDB Connected: 127.0.0.1
[2026-08-04 11:37:02:372] [INFO]: MongoDB Connected: 127.0.0.1
[2026-08-04 11:37:02:372] [INFO]: ===============================================
[2026-08-04 11:37:02:372] [INFO]: Starting Chhattisgarh Awards Database Seeding...
[2026-08-04 11:37:02:372] [INFO]: ===============================================
[2026-08-04 11:37:02:372] [INFO]: System Roles seeded successfully.
[2026-08-04 11:37:02:372] [INFO]: Super Admin user admin@gmail.com already exists.
[2026-08-04 11:37:02:372] [INFO]: Award Categories seeded successfully.
[2026-08-04 11:37:02:372] [INFO]: CMS default content seeded successfully.
[2026-08-04 11:37:02:372] [INFO]: Portal settings initialized successfully.
[2026-08-04 11:37:02:372] [INFO]: Seeding completed cleanly!
[2026-08-04 11:37:02:372] [INFO]: ===================================================
[2026-08-04 11:37:02:372] [INFO]: Server running in development mode on port 5000
[2026-08-04 11:37:02:372] [INFO]: API Base URL: http://localhost:5000/api/v1
[2026-08-04 11:37:02:372] [INFO]: Swagger Documentation: http://localhost:5000/api/docs
[2026-08-04 11:37:02:372] [INFO]: ===================================================
[2026-08-04 11:37:08:378] [INFO]: MongoDB Connected: 127.0.0.1
[2026-08-04 11:37:08:378] [INFO]: MongoDB Connected: 127.0.0.1
[2026-08-04 11:37:08:378] [INFO]: ===============================================
[2026-08-04 11:37:08:378] [INFO]: Starting Chhattisgarh Awards Database Seeding...
[2026-08-04 11:37:08:378] [INFO]: ===============================================
[2026-08-04 11:37:08:378] [INFO]: System Roles seeded successfully.
[2026-08-04 11:37:08:378] [INFO]: Super Admin user admin@gmail.com already exists.
[2026-08-04 11:37:08:378] [INFO]: Award Categories seeded successfully.
[2026-08-04 11:37:08:378] [INFO]: CMS default content seeded successfully.
[2026-08-04 11:37:08:378] [INFO]: Portal settings initialized successfully.
[2026-08-04 11:37:08:378] [INFO]: Seeding completed cleanly!
[2026-08-04 11:37:08:378] [INFO]: ===================================================
[2026-08-04 11:37:08:378] [INFO]: Server running in development mode on port 5000
[2026-08-04 11:37:08:378] [INFO]: API Base URL: http://localhost:5000/api/v1
[2026-08-04 11:37:08:378] [INFO]: Swagger Documentation: http://localhost:5000/api/docs
[2026-08-04 11:37:08:378] [INFO]: ===================================================
[2026-08-04 11:37:33:3733] [INFO]: MongoDB Connected: 127.0.0.1
[2026-08-04 11:37:33:3733] [INFO]: ===============================================
[2026-08-04 11:37:33:3733] [INFO]: Starting Chhattisgarh Awards Database Seeding...
[2026-08-04 11:37:33:3733] [INFO]: ===============================================
[2026-08-04 11:37:33:3733] [INFO]: System Roles seeded successfully.
[2026-08-04 11:37:33:3733] [INFO]: Super Admin user admin@gmail.com already exists.
[2026-08-04 11:37:33:3733] [INFO]: Award Categories seeded successfully.
[2026-08-04 11:37:33:3733] [INFO]: CMS default content seeded successfully.
[2026-08-04 11:37:33:3733] [INFO]: Portal settings initialized successfully.
[2026-08-04 11:38:24:3824] [INFO]: 🔑 [OTP VERIFICATION CODE] Email: kadambhakti0219@gmail.com | OTP: 331650
[2026-08-04 11:39:27:3927] [INFO]: 📧 Email sent successfully to kadambhakti0219@gmail.com: <297b325b-77d0-3de5-041e-482c9fa025c7@gmail.com>
[2026-08-04 11:40:12:4012] [ERROR]: [POST /api/v1/auth/login] Error: Invalid email or password
    at AuthService.login (file:///C:/Users/HP/Desktop/Nex%20Alliance%20Project/government-web-backend/src/services/AuthService.js:51:13)
    at async file:///C:/Users/HP/Desktop/Nex%20Alliance%20Project/government-web-backend/src/controllers/AuthController.js:14:18
[2026-08-04 11:44:42:4442] [INFO]: MongoDB Connected: 127.0.0.1
[2026-08-04 11:44:42:4442] [INFO]: MongoDB Connected: 127.0.0.1
[2026-08-04 11:44:42:4442] [INFO]: ===============================================
[2026-08-04 11:44:42:4442] [INFO]: Starting Chhattisgarh Awards Database Seeding...
[2026-08-04 11:44:42:4442] [INFO]: ===============================================
[2026-08-04 11:44:42:4442] [INFO]: System Roles seeded successfully.
[2026-08-04 11:44:42:4442] [INFO]: Super Admin user admin@gmail.com already exists.
[2026-08-04 11:44:42:4442] [INFO]: Award Categories seeded successfully.
[2026-08-04 11:44:42:4442] [INFO]: CMS default content seeded successfully.
[2026-08-04 11:44:42:4442] [INFO]: Portal settings initialized successfully.
[2026-08-04 11:44:42:4442] [INFO]: Seeding completed cleanly!
[2026-08-04 11:44:42:4442] [INFO]: ===================================================
[2026-08-04 11:44:42:4442] [INFO]: Server running in development mode on port 5000
[2026-08-04 11:44:42:4442] [INFO]: API Base URL: http://localhost:5000/api/v1
[2026-08-04 11:44:42:4442] [INFO]: Swagger Documentation: http://localhost:5000/api/docs
[2026-08-04 11:44:42:4442] [INFO]: ===================================================
[2026-08-04 11:44:55:4455] [INFO]: MongoDB Connected: 127.0.0.1
[2026-08-04 11:44:55:4455] [INFO]: ===============================================
[2026-08-04 11:44:55:4455] [INFO]: Starting Chhattisgarh Awards Database Seeding...
[2026-08-04 11:44:55:4455] [INFO]: ===============================================
[2026-08-04 11:44:55:4455] [INFO]: System Roles seeded successfully.
[2026-08-04 11:44:55:4455] [INFO]: Super Admin user admin@gmail.com already exists.
[2026-08-04 11:44:55:4455] [INFO]: Award Categories seeded successfully.
[2026-08-04 11:44:55:4455] [INFO]: CMS default content seeded successfully.
[2026-08-04 11:44:55:4455] [INFO]: Portal settings initialized successfully.
[2026-08-04 11:48:40:4840] [INFO]: MongoDB Connected: 127.0.0.1
[2026-08-04 11:48:40:4840] [INFO]: MongoDB Connected: 127.0.0.1
[2026-08-04 11:48:40:4840] [INFO]: ===============================================
[2026-08-04 11:48:40:4840] [INFO]: Starting Chhattisgarh Awards Database Seeding...
[2026-08-04 11:48:40:4840] [INFO]: ===============================================
[2026-08-04 11:48:41:4841] [INFO]: System Roles seeded successfully.
[2026-08-04 11:48:41:4841] [INFO]: Super Admin user admin@gmail.com already exists.
[2026-08-04 11:48:41:4841] [INFO]: Award Categories seeded successfully.
[2026-08-04 11:48:41:4841] [INFO]: CMS default content seeded successfully.
[2026-08-04 11:48:41:4841] [INFO]: Portal settings initialized successfully.
[2026-08-04 11:48:41:4841] [INFO]: Seeding completed cleanly!
[2026-08-04 11:48:41:4841] [INFO]: ===================================================
[2026-08-04 11:48:41:4841] [INFO]: Server running in development mode on port 5000
[2026-08-04 11:48:41:4841] [INFO]: API Base URL: http://localhost:5000/api/v1
[2026-08-04 11:48:41:4841] [INFO]: Swagger Documentation: http://localhost:5000/api/docs
[2026-08-04 11:48:41:4841] [INFO]: ===================================================
[2026-08-04 11:48:54:4854] [INFO]: MongoDB Connected: 127.0.0.1
[2026-08-04 11:48:54:4854] [INFO]: MongoDB Connected: 127.0.0.1
[2026-08-04 11:48:54:4854] [INFO]: ===============================================
[2026-08-04 11:48:54:4854] [INFO]: Starting Chhattisgarh Awards Database Seeding...
[2026-08-04 11:48:54:4854] [INFO]: ===============================================
[2026-08-04 11:48:55:4855] [INFO]: System Roles seeded successfully.
[2026-08-04 11:48:55:4855] [INFO]: Super Admin user admin@gmail.com already exists.
[2026-08-04 11:48:55:4855] [INFO]: Award Categories seeded successfully.
[2026-08-04 11:48:55:4855] [INFO]: CMS default content seeded successfully.
[2026-08-04 11:48:55:4855] [INFO]: Portal settings initialized successfully.
[2026-08-04 11:48:55:4855] [INFO]: Seeding completed cleanly!
[2026-08-04 11:48:55:4855] [INFO]: ===================================================
[2026-08-04 11:48:55:4855] [INFO]: Server running in development mode on port 5000
[2026-08-04 11:48:55:4855] [INFO]: API Base URL: http://localhost:5000/api/v1
[2026-08-04 11:48:55:4855] [INFO]: Swagger Documentation: http://localhost:5000/api/docs
[2026-08-04 11:48:55:4855] [INFO]: ===================================================
[2026-08-04 12:11:32:1132] [INFO]: 🔑 [OTP VERIFICATION CODE] Email: kadambhakti0219@gmail.com | OTP: 896606
[2026-08-04 12:12:37:1237] [INFO]: 📧 Email sent successfully to kadambhakti0219@gmail.com: <cb286072-b554-1fd3-d8d4-8f38ad5d393c@gmail.com>
[2026-08-04 12:18:39:1839] [INFO]: MongoDB Connected: 127.0.0.1
[2026-08-04 12:18:39:1839] [INFO]: MongoDB Connected: 127.0.0.1
[2026-08-04 12:18:39:1839] [INFO]: ===============================================
[2026-08-04 12:18:39:1839] [INFO]: Starting Chhattisgarh Awards Database Seeding...
[2026-08-04 12:18:39:1839] [INFO]: ===============================================
[2026-08-04 12:18:39:1839] [INFO]: System Roles seeded successfully.
[2026-08-04 12:18:39:1839] [INFO]: Super Admin user admin@gmail.com already exists.
[2026-08-04 12:18:39:1839] [INFO]: Award Categories seeded successfully.
[2026-08-04 12:18:39:1839] [INFO]: CMS default content seeded successfully.
[2026-08-04 12:18:39:1839] [INFO]: Portal settings initialized successfully.
[2026-08-04 12:18:39:1839] [INFO]: Seeding completed cleanly!
[2026-08-04 12:18:39:1839] [INFO]: ===================================================
[2026-08-04 12:18:39:1839] [INFO]: Server running in development mode on port 5000
[2026-08-04 12:18:39:1839] [INFO]: API Base URL: http://localhost:5000/api/v1
[2026-08-04 12:18:39:1839] [INFO]: Swagger Documentation: http://localhost:5000/api/docs
[2026-08-04 12:18:39:1839] [INFO]: ===================================================
[2026-08-04 12:18:44:1844] [INFO]: MongoDB Connected: 127.0.0.1
[2026-08-04 12:18:44:1844] [INFO]: ===============================================
[2026-08-04 12:18:44:1844] [INFO]: Starting Chhattisgarh Awards Database Seeding...
[2026-08-04 12:18:44:1844] [INFO]: ===============================================
[2026-08-04 12:18:44:1844] [INFO]: System Roles seeded successfully.
[2026-08-04 12:18:44:1844] [INFO]: Super Admin user admin@gmail.com already exists.
[2026-08-04 12:18:44:1844] [INFO]: Award Categories seeded successfully.
[2026-08-04 12:18:44:1844] [INFO]: CMS default content seeded successfully.
[2026-08-04 12:18:44:1844] [INFO]: Portal settings initialized successfully.
[2026-08-04 12:23:59:2359] [INFO]: MongoDB Connected: 127.0.0.1
[2026-08-04 12:23:59:2359] [INFO]: MongoDB Connected: 127.0.0.1
[2026-08-04 12:23:59:2359] [INFO]: ===============================================
[2026-08-04 12:23:59:2359] [INFO]: Starting Chhattisgarh Awards Database Seeding...
[2026-08-04 12:23:59:2359] [INFO]: ===============================================
[2026-08-04 12:24:00:240] [INFO]: System Roles seeded successfully.
[2026-08-04 12:24:00:240] [INFO]: Super Admin user admin@gmail.com already exists.
[2026-08-04 12:24:00:240] [INFO]: Award Categories seeded successfully.
[2026-08-04 12:24:00:240] [INFO]: CMS default content seeded successfully.
[2026-08-04 12:24:00:240] [INFO]: Portal settings initialized successfully.
[2026-08-04 12:24:00:240] [INFO]: Seeding completed cleanly!
[2026-08-04 12:24:00:240] [INFO]: ===================================================
[2026-08-04 12:24:00:240] [INFO]: Server running in development mode on port 5000
[2026-08-04 12:24:00:240] [INFO]: API Base URL: http://localhost:5000/api/v1
[2026-08-04 12:24:00:240] [INFO]: Swagger Documentation: http://localhost:5000/api/docs
[2026-08-04 12:24:00:240] [INFO]: ===================================================
[2026-08-04 12:24:16:2416] [INFO]: MongoDB Connected: 127.0.0.1
[2026-08-04 12:24:16:2416] [INFO]: MongoDB Connected: 127.0.0.1
[2026-08-04 12:24:16:2416] [INFO]: ===============================================
[2026-08-04 12:24:16:2416] [INFO]: Starting Chhattisgarh Awards Database Seeding...
[2026-08-04 12:24:16:2416] [INFO]: ===============================================
[2026-08-04 12:24:16:2416] [INFO]: System Roles seeded successfully.
[2026-08-04 12:24:16:2416] [INFO]: Super Admin user admin@gmail.com already exists.
[2026-08-04 12:24:16:2416] [INFO]: Award Categories seeded successfully.
[2026-08-04 12:24:16:2416] [INFO]: CMS default content seeded successfully.
[2026-08-04 12:24:16:2416] [INFO]: Portal settings initialized successfully.
[2026-08-04 12:24:16:2416] [INFO]: Seeding completed cleanly!
[2026-08-04 12:24:16:2416] [INFO]: ===================================================
[2026-08-04 12:24:16:2416] [INFO]: Server running in development mode on port 5000
[2026-08-04 12:24:16:2416] [INFO]: API Base URL: http://localhost:5000/api/v1
[2026-08-04 12:24:16:2416] [INFO]: Swagger Documentation: http://localhost:5000/api/docs
[2026-08-04 12:24:16:2416] [INFO]: ===================================================
[2026-08-04 12:24:25:2425] [INFO]: MongoDB Connected: 127.0.0.1
[2026-08-04 12:24:25:2425] [INFO]: MongoDB Connected: 127.0.0.1
[2026-08-04 12:24:25:2425] [INFO]: ===============================================
[2026-08-04 12:24:25:2425] [INFO]: Starting Chhattisgarh Awards Database Seeding...
[2026-08-04 12:24:25:2425] [INFO]: ===============================================
[2026-08-04 12:24:26:2426] [INFO]: System Roles seeded successfully.
[2026-08-04 12:24:26:2426] [INFO]: Super Admin user admin@gmail.com already exists.
[2026-08-04 12:24:26:2426] [INFO]: Award Categories seeded successfully.
[2026-08-04 12:24:26:2426] [INFO]: CMS default content seeded successfully.
[2026-08-04 12:24:26:2426] [INFO]: Portal settings initialized successfully.
[2026-08-04 12:24:26:2426] [INFO]: Seeding completed cleanly!
[2026-08-04 12:24:26:2426] [INFO]: ===================================================
[2026-08-04 12:24:26:2426] [INFO]: Server running in development mode on port 5000
[2026-08-04 12:24:26:2426] [INFO]: API Base URL: http://localhost:5000/api/v1
[2026-08-04 12:24:26:2426] [INFO]: Swagger Documentation: http://localhost:5000/api/docs
[2026-08-04 12:24:26:2426] [INFO]: ===================================================
[2026-08-04 12:24:32:2432] [INFO]: MongoDB Connected: 127.0.0.1
[2026-08-04 12:24:32:2432] [INFO]: MongoDB Connected: 127.0.0.1
[2026-08-04 12:24:32:2432] [INFO]: ===============================================
[2026-08-04 12:24:32:2432] [INFO]: Starting Chhattisgarh Awards Database Seeding...
[2026-08-04 12:24:32:2432] [INFO]: ===============================================
[2026-08-04 12:24:32:2432] [INFO]: System Roles seeded successfully.
[2026-08-04 12:24:32:2432] [INFO]: Super Admin user admin@gmail.com already exists.
[2026-08-04 12:24:32:2432] [INFO]: Award Categories seeded successfully.
[2026-08-04 12:24:32:2432] [INFO]: CMS default content seeded successfully.
[2026-08-04 12:24:32:2432] [INFO]: Portal settings initialized successfully.
[2026-08-04 12:24:32:2432] [INFO]: Seeding completed cleanly!
[2026-08-04 12:24:32:2432] [INFO]: ===================================================
[2026-08-04 12:24:32:2432] [INFO]: Server running in development mode on port 5000
[2026-08-04 12:24:32:2432] [INFO]: API Base URL: http://localhost:5000/api/v1
[2026-08-04 12:24:32:2432] [INFO]: Swagger Documentation: http://localhost:5000/api/docs
[2026-08-04 12:24:32:2432] [INFO]: ===================================================
[2026-08-04 12:24:38:2438] [INFO]: MongoDB Connected: 127.0.0.1
[2026-08-04 12:24:38:2438] [INFO]: ===============================================
[2026-08-04 12:24:38:2438] [INFO]: Starting Chhattisgarh Awards Database Seeding...
[2026-08-04 12:24:38:2438] [INFO]: ===============================================
[2026-08-04 12:24:38:2438] [INFO]: System Roles seeded successfully.
[2026-08-04 12:24:38:2438] [INFO]: Super Admin user admin@gmail.com already exists.
[2026-08-04 12:24:38:2438] [INFO]: Award Categories seeded successfully.
[2026-08-04 12:24:38:2438] [INFO]: CMS default content seeded successfully.
[2026-08-04 12:24:38:2438] [INFO]: Portal settings initialized successfully.
[2026-08-04 12:25:30:2530] [INFO]: MongoDB Connected: 127.0.0.1
[2026-08-04 12:25:30:2530] [INFO]: MongoDB Connected: 127.0.0.1
[2026-08-04 12:25:30:2530] [INFO]: ===============================================
[2026-08-04 12:25:30:2530] [INFO]: Starting Chhattisgarh Awards Database Seeding...
[2026-08-04 12:25:30:2530] [INFO]: ===============================================
[2026-08-04 12:25:31:2531] [INFO]: System Roles seeded successfully.
[2026-08-04 12:25:31:2531] [INFO]: Super Admin user admin@gmail.com already exists.
[2026-08-04 12:25:31:2531] [INFO]: Award Categories seeded successfully.
[2026-08-04 12:25:31:2531] [INFO]: CMS default content seeded successfully.
[2026-08-04 12:25:31:2531] [INFO]: Portal settings initialized successfully.
[2026-08-04 12:25:31:2531] [INFO]: Seeding completed cleanly!
[2026-08-04 12:25:31:2531] [INFO]: ===================================================
[2026-08-04 12:25:31:2531] [INFO]: Server running in development mode on port 5000
[2026-08-04 12:25:31:2531] [INFO]: API Base URL: http://localhost:5000/api/v1
[2026-08-04 12:25:31:2531] [INFO]: Swagger Documentation: http://localhost:5000/api/docs
[2026-08-04 12:25:31:2531] [INFO]: ===================================================
[2026-08-04 12:25:41:2541] [INFO]: MongoDB Connected: 127.0.0.1
[2026-08-04 12:25:41:2541] [INFO]: ===============================================
[2026-08-04 12:25:41:2541] [INFO]: Starting Chhattisgarh Awards Database Seeding...
[2026-08-04 12:25:41:2541] [INFO]: ===============================================
[2026-08-04 12:25:41:2541] [INFO]: System Roles seeded successfully.
[2026-08-04 12:25:41:2541] [INFO]: Super Admin user admin@gmail.com already exists.
[2026-08-04 12:25:41:2541] [INFO]: Award Categories seeded successfully.
[2026-08-04 12:25:41:2541] [INFO]: CMS default content seeded successfully.
[2026-08-04 12:25:41:2541] [INFO]: Portal settings initialized successfully.
[2026-08-04 12:25:58:2558] [INFO]: MongoDB Connected: 127.0.0.1
[2026-08-04 12:25:58:2558] [INFO]: MongoDB Connected: 127.0.0.1
[2026-08-04 12:25:58:2558] [INFO]: ===============================================
[2026-08-04 12:25:58:2558] [INFO]: Starting Chhattisgarh Awards Database Seeding...
[2026-08-04 12:25:58:2558] [INFO]: ===============================================
[2026-08-04 12:25:58:2558] [INFO]: System Roles seeded successfully.
[2026-08-04 12:25:58:2558] [INFO]: Super Admin user admin@gmail.com already exists.
[2026-08-04 12:25:58:2558] [INFO]: Award Categories seeded successfully.
[2026-08-04 12:25:58:2558] [INFO]: CMS default content seeded successfully.
[2026-08-04 12:25:58:2558] [INFO]: Portal settings initialized successfully.
[2026-08-04 12:25:58:2558] [INFO]: Seeding completed cleanly!
[2026-08-04 12:25:58:2558] [INFO]: ===================================================
[2026-08-04 12:25:58:2558] [INFO]: Server running in development mode on port 5000
[2026-08-04 12:25:58:2558] [INFO]: API Base URL: http://localhost:5000/api/v1
[2026-08-04 12:25:58:2558] [INFO]: Swagger Documentation: http://localhost:5000/api/docs
[2026-08-04 12:25:58:2558] [INFO]: ===================================================
[2026-08-04 12:26:36:2636] [INFO]: MongoDB Connected: 127.0.0.1
[2026-08-04 12:26:36:2636] [INFO]: MongoDB Connected: 127.0.0.1
[2026-08-04 12:26:36:2636] [INFO]: ===============================================
[2026-08-04 12:26:36:2636] [INFO]: Starting Chhattisgarh Awards Database Seeding...
[2026-08-04 12:26:36:2636] [INFO]: ===============================================
[2026-08-04 12:26:36:2636] [INFO]: System Roles seeded successfully.
[2026-08-04 12:26:36:2636] [INFO]: Super Admin user admin@gmail.com already exists.
[2026-08-04 12:26:36:2636] [INFO]: Award Categories seeded successfully.
[2026-08-04 12:26:36:2636] [INFO]: CMS default content seeded successfully.
[2026-08-04 12:26:36:2636] [INFO]: Portal settings initialized successfully.
[2026-08-04 12:26:36:2636] [INFO]: Seeding completed cleanly!
[2026-08-04 12:26:36:2636] [INFO]: ===================================================
[2026-08-04 12:26:36:2636] [INFO]: Server running in development mode on port 5000
[2026-08-04 12:26:36:2636] [INFO]: API Base URL: http://localhost:5000/api/v1
[2026-08-04 12:26:36:2636] [INFO]: Swagger Documentation: http://localhost:5000/api/docs
[2026-08-04 12:26:36:2636] [INFO]: ===================================================
[2026-08-04 12:27:18:2718] [INFO]: MongoDB Connected: 127.0.0.1
[2026-08-04 12:27:18:2718] [INFO]: MongoDB Connected: 127.0.0.1
[2026-08-04 12:27:18:2718] [INFO]: ===============================================
[2026-08-04 12:27:18:2718] [INFO]: Starting Chhattisgarh Awards Database Seeding...
[2026-08-04 12:27:18:2718] [INFO]: ===============================================
[2026-08-04 12:27:18:2718] [INFO]: System Roles seeded successfully.
[2026-08-04 12:27:18:2718] [INFO]: Super Admin user admin@gmail.com already exists.
[2026-08-04 12:27:18:2718] [INFO]: Award Categories seeded successfully.
[2026-08-04 12:27:18:2718] [INFO]: CMS default content seeded successfully.
[2026-08-04 12:27:18:2718] [INFO]: Portal settings initialized successfully.
[2026-08-04 12:27:18:2718] [INFO]: Seeding completed cleanly!
[2026-08-04 12:27:18:2718] [INFO]: ===================================================
[2026-08-04 12:27:18:2718] [INFO]: Server running in development mode on port 5000
[2026-08-04 12:27:18:2718] [INFO]: API Base URL: http://localhost:5000/api/v1
[2026-08-04 12:27:18:2718] [INFO]: Swagger Documentation: http://localhost:5000/api/docs
[2026-08-04 12:27:18:2718] [INFO]: ===================================================
[2026-08-04 12:27:23:2723] [INFO]: MongoDB Connected: 127.0.0.1
[2026-08-04 12:27:23:2723] [INFO]: MongoDB Connected: 127.0.0.1
[2026-08-04 12:27:23:2723] [INFO]: ===============================================
[2026-08-04 12:27:23:2723] [INFO]: Starting Chhattisgarh Awards Database Seeding...
[2026-08-04 12:27:23:2723] [INFO]: ===============================================
[2026-08-04 12:27:23:2723] [INFO]: System Roles seeded successfully.
[2026-08-04 12:27:23:2723] [INFO]: Super Admin user admin@gmail.com already exists.
[2026-08-04 12:27:23:2723] [INFO]: Award Categories seeded successfully.
[2026-08-04 12:27:23:2723] [INFO]: CMS default content seeded successfully.
[2026-08-04 12:27:23:2723] [INFO]: Portal settings initialized successfully.
[2026-08-04 12:27:23:2723] [INFO]: Seeding completed cleanly!
[2026-08-04 12:27:23:2723] [INFO]: ===================================================
[2026-08-04 12:27:23:2723] [INFO]: Server running in development mode on port 5000
[2026-08-04 12:27:23:2723] [INFO]: API Base URL: http://localhost:5000/api/v1
[2026-08-04 12:27:23:2723] [INFO]: Swagger Documentation: http://localhost:5000/api/docs
[2026-08-04 12:27:23:2723] [INFO]: ===================================================
[2026-08-04 12:27:31:2731] [INFO]: MongoDB Connected: 127.0.0.1
[2026-08-04 12:27:31:2731] [INFO]: MongoDB Connected: 127.0.0.1
[2026-08-04 12:27:31:2731] [INFO]: ===============================================
[2026-08-04 12:27:31:2731] [INFO]: Starting Chhattisgarh Awards Database Seeding...
[2026-08-04 12:27:31:2731] [INFO]: ===============================================
[2026-08-04 12:27:31:2731] [INFO]: System Roles seeded successfully.
[2026-08-04 12:27:31:2731] [INFO]: Super Admin user admin@gmail.com already exists.
[2026-08-04 12:27:31:2731] [INFO]: Award Categories seeded successfully.
[2026-08-04 12:27:31:2731] [INFO]: CMS default content seeded successfully.
[2026-08-04 12:27:31:2731] [INFO]: Portal settings initialized successfully.
[2026-08-04 12:27:31:2731] [INFO]: Seeding completed cleanly!
[2026-08-04 12:27:31:2731] [INFO]: ===================================================
[2026-08-04 12:27:31:2731] [INFO]: Server running in development mode on port 5000
[2026-08-04 12:27:31:2731] [INFO]: API Base URL: http://localhost:5000/api/v1
[2026-08-04 12:27:31:2731] [INFO]: Swagger Documentation: http://localhost:5000/api/docs
[2026-08-04 12:27:31:2731] [INFO]: ===================================================
[2026-08-04 12:28:38:2838] [INFO]: MongoDB Connected: 127.0.0.1
[2026-08-04 12:28:38:2838] [INFO]: ===============================================
[2026-08-04 12:28:38:2838] [INFO]: Starting Chhattisgarh Awards Database Seeding...
[2026-08-04 12:28:38:2838] [INFO]: ===============================================
[2026-08-04 12:28:38:2838] [INFO]: System Roles seeded successfully.
[2026-08-04 12:28:38:2838] [INFO]: Super Admin user admin@gmail.com already exists.
[2026-08-04 12:28:38:2838] [INFO]: Award Categories seeded successfully.
[2026-08-04 12:28:38:2838] [INFO]: CMS default content seeded successfully.
[2026-08-04 12:28:38:2838] [INFO]: Portal settings initialized successfully.
[2026-08-04 14:32:32:3232] [INFO]: MongoDB Connected: 127.0.0.1
[2026-08-04 14:32:32:3232] [INFO]: MongoDB Connected: 127.0.0.1
[2026-08-04 14:32:32:3232] [INFO]: ===============================================
[2026-08-04 14:32:32:3232] [INFO]: Starting Chhattisgarh Awards Database Seeding...
[2026-08-04 14:32:32:3232] [INFO]: ===============================================
[2026-08-04 14:32:32:3232] [INFO]: System Roles seeded successfully.
[2026-08-04 14:32:32:3232] [INFO]: Super Admin user admin@gmail.com already exists.
[2026-08-04 14:32:32:3232] [INFO]: Award Categories seeded successfully.
[2026-08-04 14:32:32:3232] [INFO]: CMS default content seeded successfully.
[2026-08-04 14:32:32:3232] [INFO]: Portal settings initialized successfully.
[2026-08-04 14:32:32:3232] [INFO]: Seeding completed cleanly!
[2026-08-04 14:32:32:3232] [INFO]: ===================================================
[2026-08-04 14:32:32:3232] [INFO]: Server running in development mode on port 5000
[2026-08-04 14:32:32:3232] [INFO]: API Base URL: http://localhost:5000/api/v1
[2026-08-04 14:32:32:3232] [INFO]: Swagger Documentation: http://localhost:5000/api/docs
[2026-08-04 14:32:32:3232] [INFO]: ===================================================
[2026-08-04 14:32:40:3240] [INFO]: MongoDB Connected: 127.0.0.1
[2026-08-04 14:32:40:3240] [INFO]: MongoDB Connected: 127.0.0.1
[2026-08-04 14:32:40:3240] [INFO]: ===============================================
[2026-08-04 14:32:40:3240] [INFO]: Starting Chhattisgarh Awards Database Seeding...
[2026-08-04 14:32:40:3240] [INFO]: ===============================================
[2026-08-04 14:32:40:3240] [INFO]: System Roles seeded successfully.
[2026-08-04 14:32:40:3240] [INFO]: Super Admin user admin@gmail.com already exists.
[2026-08-04 14:32:40:3240] [INFO]: Award Categories seeded successfully.
[2026-08-04 14:32:40:3240] [INFO]: CMS default content seeded successfully.
[2026-08-04 14:32:40:3240] [INFO]: Portal settings initialized successfully.
[2026-08-04 14:32:40:3240] [INFO]: Seeding completed cleanly!
[2026-08-04 14:32:40:3240] [INFO]: ===================================================
[2026-08-04 14:32:40:3240] [INFO]: Server running in development mode on port 5000
[2026-08-04 14:32:40:3240] [INFO]: API Base URL: http://localhost:5000/api/v1
[2026-08-04 14:32:40:3240] [INFO]: Swagger Documentation: http://localhost:5000/api/docs
[2026-08-04 14:32:40:3240] [INFO]: ===================================================
[2026-08-04 14:32:45:3245] [INFO]: MongoDB Connected: 127.0.0.1
[2026-08-04 14:32:45:3245] [INFO]: MongoDB Connected: 127.0.0.1
[2026-08-04 14:32:45:3245] [INFO]: ===============================================
[2026-08-04 14:32:45:3245] [INFO]: Starting Chhattisgarh Awards Database Seeding...
[2026-08-04 14:32:45:3245] [INFO]: ===============================================
[2026-08-04 14:32:45:3245] [INFO]: System Roles seeded successfully.
[2026-08-04 14:32:45:3245] [INFO]: Super Admin user admin@gmail.com already exists.
[2026-08-04 14:32:45:3245] [INFO]: Award Categories seeded successfully.
[2026-08-04 14:32:45:3245] [INFO]: CMS default content seeded successfully.
[2026-08-04 14:32:45:3245] [INFO]: Portal settings initialized successfully.
[2026-08-04 14:32:45:3245] [INFO]: Seeding completed cleanly!
[2026-08-04 14:32:45:3245] [INFO]: ===================================================
[2026-08-04 14:32:45:3245] [INFO]: Server running in development mode on port 5000
[2026-08-04 14:32:45:3245] [INFO]: API Base URL: http://localhost:5000/api/v1
[2026-08-04 14:32:45:3245] [INFO]: Swagger Documentation: http://localhost:5000/api/docs
[2026-08-04 14:32:45:3245] [INFO]: ===================================================
[2026-08-04 14:32:55:3255] [INFO]: MongoDB Connected: 127.0.0.1
[2026-08-04 14:32:55:3255] [INFO]: MongoDB Connected: 127.0.0.1
[2026-08-04 14:32:55:3255] [INFO]: ===============================================
[2026-08-04 14:32:55:3255] [INFO]: Starting Chhattisgarh Awards Database Seeding...
[2026-08-04 14:32:55:3255] [INFO]: ===============================================
[2026-08-04 14:32:56:3256] [INFO]: System Roles seeded successfully.
[2026-08-04 14:32:56:3256] [INFO]: Super Admin user admin@gmail.com already exists.
[2026-08-04 14:32:56:3256] [INFO]: Award Categories seeded successfully.
[2026-08-04 14:32:56:3256] [INFO]: CMS default content seeded successfully.
[2026-08-04 14:32:56:3256] [INFO]: Portal settings initialized successfully.
[2026-08-04 14:32:56:3256] [INFO]: Seeding completed cleanly!
[2026-08-04 14:32:56:3256] [INFO]: ===================================================
[2026-08-04 14:32:56:3256] [INFO]: Server running in development mode on port 5000
[2026-08-04 14:32:56:3256] [INFO]: API Base URL: http://localhost:5000/api/v1
[2026-08-04 14:32:56:3256] [INFO]: Swagger Documentation: http://localhost:5000/api/docs
[2026-08-04 14:32:56:3256] [INFO]: ===================================================
[2026-08-04 14:39:30:3930] [INFO]: MongoDB Connected: 127.0.0.1
[2026-08-04 14:39:30:3930] [INFO]: ===============================================
[2026-08-04 14:39:30:3930] [INFO]: Starting Chhattisgarh Awards Database Seeding...
[2026-08-04 14:39:30:3930] [INFO]: ===============================================
[2026-08-04 14:39:30:3930] [INFO]: System Roles seeded successfully.
[2026-08-04 14:39:30:3930] [INFO]: Super Admin user admin@gmail.com already exists.
[2026-08-04 14:39:30:3930] [INFO]: Award Categories seeded successfully.
[2026-08-04 14:39:30:3930] [INFO]: CMS default content seeded successfully.
[2026-08-04 14:39:30:3930] [INFO]: Portal settings initialized successfully.
[2026-08-04 15:07:05:75] [ERROR]: MongoDB Connection Error: connect ECONNREFUSED 127.0.0.1:27017
[2026-08-04 15:12:24:1224] [ERROR]: MongoDB Connection Error: connect ECONNREFUSED 127.0.0.1:27017
[2026-08-07 17:38:44:3844] [INFO]: MongoDB Connected: 127.0.0.1
[2026-08-07 17:38:44:3844] [INFO]: MongoDB Connected: 127.0.0.1
[2026-08-07 17:38:44:3844] [INFO]: ===============================================
[2026-08-07 17:38:44:3844] [INFO]: Starting Chhattisgarh Awards Database Seeding...
[2026-08-07 17:38:44:3844] [INFO]: ===============================================
[2026-08-07 17:38:44:3844] [INFO]: System Roles seeded successfully.
[2026-08-07 17:38:44:3844] [INFO]: Super Admin user admin@gmail.com already exists.
[2026-08-07 17:38:44:3844] [INFO]: 25 Award Categories seeded successfully.
[2026-08-07 17:38:44:3844] [INFO]: CMS default content seeded successfully.
[2026-08-07 17:38:44:3844] [INFO]: Portal settings initialized successfully.
[2026-08-07 17:38:44:3844] [INFO]: Seeding completed cleanly!
[2026-08-07 17:38:44:3844] [INFO]: ===================================================
[2026-08-07 17:38:44:3844] [INFO]: Server running in development mode on port 5000
[2026-08-07 17:38:44:3844] [INFO]: API Base URL: http://localhost:5000/api/v1
[2026-08-07 17:38:44:3844] [INFO]: Swagger Documentation: http://localhost:5000/api/docs
[2026-08-07 17:38:44:3844] [INFO]: ===================================================
[2026-08-07 17:52:56:5256] [INFO]: MongoDB Connected: 127.0.0.1
[2026-08-07 17:52:56:5256] [INFO]: MongoDB Connected: 127.0.0.1
[2026-08-07 17:52:56:5256] [INFO]: ===============================================
[2026-08-07 17:52:56:5256] [INFO]: Starting Chhattisgarh Awards Database Seeding...
[2026-08-07 17:52:56:5256] [INFO]: ===============================================
[2026-08-07 17:52:56:5256] [INFO]: System Roles seeded successfully.
[2026-08-07 17:52:56:5256] [INFO]: Super Admin user admin@gmail.com already exists.
[2026-08-07 17:52:56:5256] [INFO]: 25 Award Categories seeded successfully.
[2026-08-07 17:52:56:5256] [INFO]: CMS default content seeded successfully.
[2026-08-07 17:52:56:5256] [INFO]: Portal settings initialized successfully.
[2026-08-07 17:52:56:5256] [INFO]: Seeding completed cleanly!
[2026-08-07 17:52:56:5256] [INFO]: ===================================================
[2026-08-07 17:52:56:5256] [INFO]: Server running in development mode on port 5000
[2026-08-07 17:52:56:5256] [INFO]: API Base URL: http://localhost:5000/api/v1
[2026-08-07 17:52:56:5256] [INFO]: Swagger Documentation: http://localhost:5000/api/docs
[2026-08-07 17:52:56:5256] [INFO]: ===================================================
[2026-08-07 17:53:02:532] [INFO]: MongoDB Connected: 127.0.0.1
[2026-08-07 17:53:02:532] [INFO]: MongoDB Connected: 127.0.0.1
[2026-08-07 17:53:02:532] [INFO]: ===============================================
[2026-08-07 17:53:02:532] [INFO]: Starting Chhattisgarh Awards Database Seeding...
[2026-08-07 17:53:02:532] [INFO]: ===============================================
[2026-08-07 17:53:03:533] [INFO]: System Roles seeded successfully.
[2026-08-07 17:53:03:533] [INFO]: Super Admin user admin@gmail.com already exists.
[2026-08-07 17:53:03:533] [INFO]: 25 Award Categories seeded successfully.
[2026-08-07 17:53:03:533] [INFO]: CMS default content seeded successfully.
[2026-08-07 17:53:03:533] [INFO]: Portal settings initialized successfully.
[2026-08-07 17:53:03:533] [INFO]: Seeding completed cleanly!
[2026-08-07 17:53:03:533] [INFO]: ===================================================
[2026-08-07 17:53:03:533] [INFO]: Server running in development mode on port 5000
[2026-08-07 17:53:03:533] [INFO]: API Base URL: http://localhost:5000/api/v1
[2026-08-07 17:53:03:533] [INFO]: Swagger Documentation: http://localhost:5000/api/docs
[2026-08-07 17:53:03:533] [INFO]: ===================================================
[2026-08-07 17:53:09:539] [INFO]: MongoDB Connected: 127.0.0.1
[2026-08-07 17:53:09:539] [INFO]: MongoDB Connected: 127.0.0.1
[2026-08-07 17:53:09:539] [INFO]: ===============================================
[2026-08-07 17:53:09:539] [INFO]: Starting Chhattisgarh Awards Database Seeding...
[2026-08-07 17:53:09:539] [INFO]: ===============================================
[2026-08-07 17:53:09:539] [INFO]: System Roles seeded successfully.
[2026-08-07 17:53:09:539] [INFO]: Super Admin user admin@gmail.com already exists.
[2026-08-07 17:53:09:539] [INFO]: 25 Award Categories seeded successfully.
[2026-08-07 17:53:09:539] [INFO]: CMS default content seeded successfully.
[2026-08-07 17:53:09:539] [INFO]: Portal settings initialized successfully.
[2026-08-07 17:53:09:539] [INFO]: Seeding completed cleanly!
[2026-08-07 17:53:09:539] [INFO]: ===================================================
[2026-08-07 17:53:09:539] [INFO]: Server running in development mode on port 5000
[2026-08-07 17:53:09:539] [INFO]: API Base URL: http://localhost:5000/api/v1
[2026-08-07 17:53:09:539] [INFO]: Swagger Documentation: http://localhost:5000/api/docs
[2026-08-07 17:53:09:539] [INFO]: ===================================================
[2026-08-07 17:53:16:5316] [INFO]: MongoDB Connected: 127.0.0.1
[2026-08-07 17:53:16:5316] [INFO]: MongoDB Connected: 127.0.0.1
[2026-08-07 17:53:16:5316] [INFO]: ===============================================
[2026-08-07 17:53:16:5316] [INFO]: Starting Chhattisgarh Awards Database Seeding...
[2026-08-07 17:53:16:5316] [INFO]: ===============================================
[2026-08-07 17:53:16:5316] [INFO]: System Roles seeded successfully.
[2026-08-07 17:53:16:5316] [INFO]: Super Admin user admin@gmail.com already exists.
[2026-08-07 17:53:16:5316] [INFO]: 25 Award Categories seeded successfully.
[2026-08-07 17:53:16:5316] [INFO]: CMS default content seeded successfully.
[2026-08-07 17:53:16:5316] [INFO]: Portal settings initialized successfully.
[2026-08-07 17:53:16:5316] [INFO]: Seeding completed cleanly!
[2026-08-07 17:53:16:5316] [INFO]: ===================================================
[2026-08-07 17:53:16:5316] [INFO]: Server running in development mode on port 5000
[2026-08-07 17:53:16:5316] [INFO]: API Base URL: http://localhost:5000/api/v1
[2026-08-07 17:53:16:5316] [INFO]: Swagger Documentation: http://localhost:5000/api/docs
[2026-08-07 17:53:16:5316] [INFO]: ===================================================
[2026-08-07 17:53:47:5347] [INFO]: MongoDB Connected: 127.0.0.1
[2026-08-07 17:53:47:5347] [INFO]: MongoDB Connected: 127.0.0.1
[2026-08-07 17:53:47:5347] [INFO]: ===============================================
[2026-08-07 17:53:47:5347] [INFO]: Starting Chhattisgarh Awards Database Seeding...
[2026-08-07 17:53:47:5347] [INFO]: ===============================================
[2026-08-07 17:53:47:5347] [INFO]: System Roles seeded successfully.
[2026-08-07 17:53:47:5347] [INFO]: Super Admin user admin@gmail.com already exists.
[2026-08-07 17:53:47:5347] [INFO]: 25 Award Categories seeded successfully.
[2026-08-07 17:53:47:5347] [INFO]: CMS default content seeded successfully.
[2026-08-07 17:53:47:5347] [INFO]: Portal settings initialized successfully.
[2026-08-07 17:53:47:5347] [INFO]: Seeding completed cleanly!
[2026-08-07 17:53:47:5347] [INFO]: ===================================================
[2026-08-07 17:53:47:5347] [INFO]: Server running in development mode on port 5000
[2026-08-07 17:53:47:5347] [INFO]: API Base URL: http://localhost:5000/api/v1
[2026-08-07 17:53:47:5347] [INFO]: Swagger Documentation: http://localhost:5000/api/docs
[2026-08-07 17:53:47:5347] [INFO]: ===================================================
[2026-08-07 17:54:01:541] [INFO]: MongoDB Connected: 127.0.0.1
[2026-08-07 17:54:01:541] [INFO]: MongoDB Connected: 127.0.0.1
[2026-08-07 17:54:01:541] [INFO]: ===============================================
[2026-08-07 17:54:01:541] [INFO]: Starting Chhattisgarh Awards Database Seeding...
[2026-08-07 17:54:01:541] [INFO]: ===============================================
[2026-08-07 17:54:01:541] [INFO]: System Roles seeded successfully.
[2026-08-07 17:54:01:541] [INFO]: Super Admin user admin@gmail.com already exists.
[2026-08-07 17:54:01:541] [INFO]: 25 Award Categories seeded successfully.
[2026-08-07 17:54:01:541] [INFO]: CMS default content seeded successfully.
[2026-08-07 17:54:01:541] [INFO]: Portal settings initialized successfully.
[2026-08-07 17:54:01:541] [INFO]: Seeding completed cleanly!
[2026-08-07 17:54:01:541] [INFO]: ===================================================
[2026-08-07 17:54:01:541] [INFO]: Server running in development mode on port 5000
[2026-08-07 17:54:01:541] [INFO]: API Base URL: http://localhost:5000/api/v1
[2026-08-07 17:54:01:541] [INFO]: Swagger Documentation: http://localhost:5000/api/docs
[2026-08-07 17:54:01:541] [INFO]: ===================================================
[2026-08-07 17:54:41:5441] [INFO]: MongoDB Connected: 127.0.0.1
[2026-08-07 17:54:41:5441] [INFO]: MongoDB Connected: 127.0.0.1
[2026-08-07 17:54:41:5441] [INFO]: ===============================================
[2026-08-07 17:54:41:5441] [INFO]: Starting Chhattisgarh Awards Database Seeding...
[2026-08-07 17:54:41:5441] [INFO]: ===============================================
[2026-08-07 17:54:41:5441] [INFO]: System Roles seeded successfully.
[2026-08-07 17:54:41:5441] [INFO]: Super Admin user admin@gmail.com already exists.
[2026-08-07 17:54:42:5442] [INFO]: 25 Award Categories seeded successfully.
[2026-08-07 17:54:42:5442] [INFO]: CMS default content seeded successfully.
[2026-08-07 17:54:42:5442] [INFO]: Portal settings initialized successfully.
[2026-08-07 17:54:42:5442] [INFO]: Seeding completed cleanly!
[2026-08-07 17:54:42:5442] [INFO]: ===================================================
[2026-08-07 17:54:42:5442] [INFO]: Server running in development mode on port 5000
[2026-08-07 17:54:42:5442] [INFO]: API Base URL: http://localhost:5000/api/v1
[2026-08-07 17:54:42:5442] [INFO]: Swagger Documentation: http://localhost:5000/api/docs
[2026-08-07 17:54:42:5442] [INFO]: ===================================================
[2026-08-07 17:54:54:5454] [INFO]: MongoDB Connected: 127.0.0.1
[2026-08-07 17:54:54:5454] [INFO]: MongoDB Connected: 127.0.0.1
[2026-08-07 17:54:54:5454] [INFO]: ===============================================
[2026-08-07 17:54:54:5454] [INFO]: Starting Chhattisgarh Awards Database Seeding...
[2026-08-07 17:54:54:5454] [INFO]: ===============================================
[2026-08-07 17:54:54:5454] [INFO]: System Roles seeded successfully.
[2026-08-07 17:54:54:5454] [INFO]: Super Admin user admin@gmail.com already exists.
[2026-08-07 17:54:54:5454] [INFO]: 25 Award Categories seeded successfully.
[2026-08-07 17:54:54:5454] [INFO]: CMS default content seeded successfully.
[2026-08-07 17:54:54:5454] [INFO]: Portal settings initialized successfully.
[2026-08-07 17:54:54:5454] [INFO]: Seeding completed cleanly!
[2026-08-07 17:54:54:5454] [INFO]: ===================================================
[2026-08-07 17:54:54:5454] [INFO]: Server running in development mode on port 5000
[2026-08-07 17:54:54:5454] [INFO]: API Base URL: http://localhost:5000/api/v1
[2026-08-07 17:54:54:5454] [INFO]: Swagger Documentation: http://localhost:5000/api/docs
[2026-08-07 17:54:54:5454] [INFO]: ===================================================
[2026-08-07 17:55:09:559] [INFO]: MongoDB Connected: 127.0.0.1
[2026-08-07 17:55:09:559] [INFO]: MongoDB Connected: 127.0.0.1
[2026-08-07 17:55:09:559] [INFO]: ===============================================
[2026-08-07 17:55:09:559] [INFO]: Starting Chhattisgarh Awards Database Seeding...
[2026-08-07 17:55:09:559] [INFO]: ===============================================
[2026-08-07 17:55:09:559] [INFO]: System Roles seeded successfully.
[2026-08-07 17:55:09:559] [INFO]: Super Admin user admin@gmail.com already exists.
[2026-08-07 17:55:09:559] [INFO]: 25 Award Categories seeded successfully.
[2026-08-07 17:55:09:559] [INFO]: CMS default content seeded successfully.
[2026-08-07 17:55:09:559] [INFO]: Portal settings initialized successfully.
[2026-08-07 17:55:09:559] [INFO]: Seeding completed cleanly!
[2026-08-07 17:55:09:559] [INFO]: ===================================================
[2026-08-07 17:55:09:559] [INFO]: Server running in development mode on port 5000
[2026-08-07 17:55:09:559] [INFO]: API Base URL: http://localhost:5000/api/v1
[2026-08-07 17:55:09:559] [INFO]: Swagger Documentation: http://localhost:5000/api/docs
[2026-08-07 17:55:09:559] [INFO]: ===================================================
[2026-08-07 17:55:24:5524] [INFO]: MongoDB Connected: 127.0.0.1
[2026-08-07 17:55:24:5524] [INFO]: MongoDB Connected: 127.0.0.1
[2026-08-07 17:55:24:5524] [INFO]: ===============================================
[2026-08-07 17:55:24:5524] [INFO]: Starting Chhattisgarh Awards Database Seeding...
[2026-08-07 17:55:24:5524] [INFO]: ===============================================
[2026-08-07 17:55:24:5524] [INFO]: System Roles seeded successfully.
[2026-08-07 17:55:24:5524] [INFO]: Super Admin user admin@gmail.com already exists.
[2026-08-07 17:55:24:5524] [INFO]: 25 Award Categories seeded successfully.
[2026-08-07 17:55:24:5524] [INFO]: CMS default content seeded successfully.
[2026-08-07 17:55:24:5524] [INFO]: Portal settings initialized successfully.
[2026-08-07 17:55:24:5524] [INFO]: Seeding completed cleanly!
[2026-08-07 17:55:24:5524] [INFO]: ===================================================
[2026-08-07 17:55:24:5524] [INFO]: Server running in development mode on port 5000
[2026-08-07 17:55:24:5524] [INFO]: API Base URL: http://localhost:5000/api/v1
[2026-08-07 17:55:24:5524] [INFO]: Swagger Documentation: http://localhost:5000/api/docs
[2026-08-07 17:55:24:5524] [INFO]: ===================================================
[2026-08-07 17:56:32:5632] [INFO]: MongoDB Connected: 127.0.0.1
[2026-08-07 17:56:32:5632] [INFO]: MongoDB Connected: 127.0.0.1
[2026-08-07 17:56:32:5632] [INFO]: ===============================================
[2026-08-07 17:56:32:5632] [INFO]: Starting Chhattisgarh Awards Database Seeding...
[2026-08-07 17:56:32:5632] [INFO]: ===============================================
[2026-08-07 17:56:32:5632] [INFO]: System Roles seeded successfully.
[2026-08-07 17:56:32:5632] [INFO]: Super Admin user admin@gmail.com already exists.
[2026-08-07 17:56:33:5633] [INFO]: 25 Award Categories seeded successfully.
[2026-08-07 17:56:33:5633] [INFO]: CMS default content seeded successfully.
[2026-08-07 17:56:33:5633] [INFO]: Portal settings initialized successfully.
[2026-08-07 17:56:33:5633] [INFO]: Seeding completed cleanly!
[2026-08-07 17:56:33:5633] [INFO]: ===================================================
[2026-08-07 17:56:33:5633] [INFO]: Server running in development mode on port 5000
[2026-08-07 17:56:33:5633] [INFO]: API Base URL: http://localhost:5000/api/v1
[2026-08-07 17:56:33:5633] [INFO]: Swagger Documentation: http://localhost:5000/api/docs
[2026-08-07 17:56:33:5633] [INFO]: ===================================================
[2026-08-07 17:56:51:5651] [INFO]: MongoDB Connected: 127.0.0.1
[2026-08-07 17:56:51:5651] [INFO]: MongoDB Connected: 127.0.0.1
[2026-08-07 17:56:51:5651] [INFO]: ===============================================
[2026-08-07 17:56:51:5651] [INFO]: Starting Chhattisgarh Awards Database Seeding...
[2026-08-07 17:56:51:5651] [INFO]: ===============================================
[2026-08-07 17:56:51:5651] [INFO]: System Roles seeded successfully.
[2026-08-07 17:56:51:5651] [INFO]: Super Admin user admin@gmail.com already exists.
[2026-08-07 17:56:51:5651] [INFO]: 25 Award Categories seeded successfully.
[2026-08-07 17:56:51:5651] [INFO]: CMS default content seeded successfully.
[2026-08-07 17:56:51:5651] [INFO]: Portal settings initialized successfully.
[2026-08-07 17:56:51:5651] [INFO]: Seeding completed cleanly!
[2026-08-07 17:56:51:5651] [INFO]: ===================================================
[2026-08-07 17:56:51:5651] [INFO]: Server running in development mode on port 5000
[2026-08-07 17:56:51:5651] [INFO]: API Base URL: http://localhost:5000/api/v1
[2026-08-07 17:56:52:5652] [INFO]: Swagger Documentation: http://localhost:5000/api/docs
[2026-08-07 17:56:52:5652] [INFO]: ===================================================
[2026-08-07 18:00:24:024] [INFO]: MongoDB Connected: 127.0.0.1
[2026-08-07 18:00:24:024] [INFO]: MongoDB Connected: 127.0.0.1
[2026-08-07 18:00:24:024] [INFO]: ===============================================
[2026-08-07 18:00:24:024] [INFO]: Starting Chhattisgarh Awards Database Seeding...
[2026-08-07 18:00:24:024] [INFO]: ===============================================
[2026-08-07 18:00:24:024] [INFO]: System Roles seeded successfully.
[2026-08-07 18:00:24:024] [INFO]: Super Admin user admin@gmail.com already exists.
[2026-08-07 18:00:24:024] [INFO]: 25 Award Categories seeded successfully.
[2026-08-07 18:00:24:024] [INFO]: CMS default content seeded successfully.
[2026-08-07 18:00:24:024] [INFO]: Portal settings initialized successfully.
[2026-08-07 18:00:24:024] [INFO]: Seeding completed cleanly!
[2026-08-07 18:00:24:024] [INFO]: ===================================================
[2026-08-07 18:00:24:024] [INFO]: Server running in development mode on port 5000
[2026-08-07 18:00:24:024] [INFO]: API Base URL: http://localhost:5000/api/v1
[2026-08-07 18:00:24:024] [INFO]: Swagger Documentation: http://localhost:5000/api/docs
[2026-08-07 18:00:24:024] [INFO]: ===================================================
[2026-08-07 18:21:42:2142] [INFO]: MongoDB Connected: 127.0.0.1
[2026-08-07 18:21:42:2142] [INFO]: MongoDB Connected: 127.0.0.1
[2026-08-07 18:21:42:2142] [INFO]: ===============================================
[2026-08-07 18:21:42:2142] [INFO]: Starting Chhattisgarh Awards Database Seeding...
[2026-08-07 18:21:42:2142] [INFO]: ===============================================
[2026-08-07 18:21:43:2143] [INFO]: System Roles seeded successfully.
[2026-08-07 18:21:43:2143] [INFO]: Super Admin user admin@gmail.com already exists.
[2026-08-07 18:21:43:2143] [INFO]: 25 Award Categories seeded successfully.
[2026-08-07 18:21:43:2143] [INFO]: CMS default content seeded successfully.
[2026-08-07 18:21:43:2143] [INFO]: Portal settings initialized successfully.
[2026-08-07 18:21:43:2143] [INFO]: Seeding completed cleanly!
[2026-08-07 18:21:43:2143] [INFO]: ===================================================
[2026-08-07 18:21:43:2143] [INFO]: Server running in development mode on port 5000
[2026-08-07 18:21:43:2143] [INFO]: API Base URL: http://localhost:5000/api/v1
[2026-08-07 18:21:43:2143] [INFO]: Swagger Documentation: http://localhost:5000/api/docs
[2026-08-07 18:21:43:2143] [INFO]: ===================================================
[2026-08-07 18:36:33:3633] [ERROR]: RECAPTCHA_SECRET_KEY is not configured in backend environment variables.
[2026-08-08 09:41:45:4145] [INFO]: MongoDB Connected: 127.0.0.1
[2026-08-08 09:41:45:4145] [INFO]: MongoDB Connected: 127.0.0.1
[2026-08-08 09:41:45:4145] [INFO]: ===============================================
[2026-08-08 09:41:45:4145] [INFO]: Starting Chhattisgarh Awards Database Seeding...
[2026-08-08 09:41:45:4145] [INFO]: ===============================================
[2026-08-08 09:41:45:4145] [INFO]: System Roles seeded successfully.
[2026-08-08 09:41:45:4145] [INFO]: Super Admin user admin@gmail.com already exists.
[2026-08-08 09:41:45:4145] [INFO]: 25 Award Categories seeded successfully.
[2026-08-08 09:41:45:4145] [INFO]: CMS default content seeded successfully.
[2026-08-08 09:41:45:4145] [INFO]: Portal settings initialized successfully.
[2026-08-08 09:41:45:4145] [INFO]: Seeding completed cleanly!
[2026-08-08 09:41:45:4145] [INFO]: ===================================================
[2026-08-08 09:41:45:4145] [INFO]: Server running in development mode on port 5000
[2026-08-08 09:41:45:4145] [INFO]: API Base URL: http://localhost:5000/api/v1
[2026-08-08 09:41:45:4145] [INFO]: Swagger Documentation: http://localhost:5000/api/docs
[2026-08-08 09:41:45:4145] [INFO]: ===================================================
[2026-08-08 10:45:26:4526] [INFO]: MongoDB Connected: 127.0.0.1
[2026-08-08 10:45:26:4526] [INFO]: MongoDB Connected: 127.0.0.1
[2026-08-08 10:45:26:4526] [INFO]: ===============================================
[2026-08-08 10:45:26:4526] [INFO]: Starting Chhattisgarh Awards Database Seeding...
[2026-08-08 10:45:26:4526] [INFO]: ===============================================
[2026-08-08 10:45:26:4526] [INFO]: System Roles seeded successfully.
[2026-08-08 10:45:26:4526] [INFO]: Super Admin user admin@gmail.com already exists.
[2026-08-08 10:45:26:4526] [INFO]: 25 Award Categories seeded successfully.
[2026-08-08 10:45:26:4526] [INFO]: CMS default content seeded successfully.
[2026-08-08 10:45:26:4526] [INFO]: Portal settings initialized successfully.
[2026-08-08 10:45:26:4526] [INFO]: Seeding completed cleanly!
[2026-08-08 10:45:26:4526] [INFO]: ===================================================
[2026-08-08 10:45:26:4526] [INFO]: Server running in development mode on port 5000
[2026-08-08 10:45:26:4526] [INFO]: API Base URL: http://localhost:5000/api/v1
[2026-08-08 10:45:26:4526] [INFO]: Swagger Documentation: http://localhost:5000/api/docs
[2026-08-08 10:45:26:4526] [INFO]: ===================================================
[2026-08-08 10:53:06:536] [INFO]: MongoDB Connected: 127.0.0.1
[2026-08-08 10:53:06:536] [INFO]: MongoDB Connected: 127.0.0.1
[2026-08-08 10:53:06:536] [INFO]: ===============================================
[2026-08-08 10:53:06:536] [INFO]: Starting Chhattisgarh Awards Database Seeding...
[2026-08-08 10:53:06:536] [INFO]: ===============================================
[2026-08-08 10:53:06:536] [INFO]: System Roles seeded successfully.
[2026-08-08 10:53:06:536] [INFO]: Super Admin user admin@gmail.com already exists.
[2026-08-08 10:53:07:537] [INFO]: 25 Award Categories seeded successfully.
[2026-08-08 10:53:07:537] [INFO]: CMS default content seeded successfully.
[2026-08-08 10:53:07:537] [INFO]: Portal settings initialized successfully.
[2026-08-08 10:53:07:537] [INFO]: Seeding completed cleanly!
[2026-08-08 10:53:07:537] [INFO]: ===================================================
[2026-08-08 10:53:07:537] [INFO]: Server running in development mode on port 5000
[2026-08-08 10:53:07:537] [INFO]: API Base URL: http://localhost:5000/api/v1
[2026-08-08 10:53:07:537] [INFO]: Swagger Documentation: http://localhost:5000/api/docs
[2026-08-08 10:53:07:537] [INFO]: ===================================================
[2026-08-08 11:26:45:2645] [INFO]: MongoDB Connected: 127.0.0.1
[2026-08-08 11:26:45:2645] [INFO]: MongoDB Connected: 127.0.0.1
[2026-08-08 11:26:45:2645] [INFO]: ===============================================
[2026-08-08 11:26:45:2645] [INFO]: Starting Chhattisgarh Awards Database Seeding...
[2026-08-08 11:26:45:2645] [INFO]: ===============================================
[2026-08-08 11:26:45:2645] [INFO]: System Roles seeded successfully.
[2026-08-08 11:26:45:2645] [INFO]: Super Admin user admin@gmail.com already exists.
[2026-08-08 11:26:45:2645] [INFO]: 25 Award Categories seeded successfully.
[2026-08-08 11:26:45:2645] [INFO]: CMS default content seeded successfully.
[2026-08-08 11:26:45:2645] [INFO]: Portal settings initialized successfully.
[2026-08-08 11:26:45:2645] [INFO]: Seeding completed cleanly!
[2026-08-08 11:26:45:2645] [INFO]: ===================================================
[2026-08-08 11:26:45:2645] [INFO]: Server running in development mode on port 5000
[2026-08-08 11:26:45:2645] [INFO]: API Base URL: http://localhost:5000/api/v1
[2026-08-08 11:26:45:2645] [INFO]: Swagger Documentation: http://localhost:5000/api/docs
[2026-08-08 11:26:45:2645] [INFO]: ===================================================
[2026-08-08 11:26:49:2649] [INFO]: MongoDB Connected: 127.0.0.1
[2026-08-08 11:26:49:2649] [INFO]: MongoDB Connected: 127.0.0.1
[2026-08-08 11:26:49:2649] [INFO]: ===============================================
[2026-08-08 11:26:49:2649] [INFO]: Starting Chhattisgarh Awards Database Seeding...
[2026-08-08 11:26:49:2649] [INFO]: ===============================================
[2026-08-08 11:26:49:2649] [INFO]: System Roles seeded successfully.
[2026-08-08 11:26:49:2649] [INFO]: Super Admin user admin@gmail.com already exists.
[2026-08-08 11:26:49:2649] [INFO]: 25 Award Categories seeded successfully.
[2026-08-08 11:26:49:2649] [INFO]: CMS default content seeded successfully.
[2026-08-08 11:26:49:2649] [INFO]: Portal settings initialized successfully.
[2026-08-08 11:26:49:2649] [INFO]: Seeding completed cleanly!
[2026-08-08 11:26:49:2649] [INFO]: ===================================================
[2026-08-08 11:26:49:2649] [INFO]: Server running in development mode on port 5000
[2026-08-08 11:26:49:2649] [INFO]: API Base URL: http://localhost:5000/api/v1
[2026-08-08 11:26:49:2649] [INFO]: Swagger Documentation: http://localhost:5000/api/docs
[2026-08-08 11:26:49:2649] [INFO]: ===================================================
[2026-08-08 11:26:54:2654] [INFO]: MongoDB Connected: 127.0.0.1
[2026-08-08 11:27:04:274] [WARN]: CAPTCHA fields missing in request. Bypassing in development mode.
[2026-08-08 11:27:09:279] [WARN]: CAPTCHA fields missing in request. Bypassing in development mode.
[2026-08-08 11:27:18:2718] [ERROR]: [POST /api/v1/auth/login] Error: Invalid email or password
    at AuthService.login (file:///C:/Users/HP/Desktop/Nex%20Alliance%20Project/government-web-backend/src/services/AuthService.js:38:13)
    at async file:///C:/Users/HP/Desktop/Nex%20Alliance%20Project/government-web-backend/src/controllers/AuthController.js:14:18
[2026-08-08 11:27:18:2718] [WARN]: CAPTCHA fields missing in request. Bypassing in development mode.
[2026-08-08 11:27:30:2730] [WARN]: CAPTCHA fields missing in request. Bypassing in development mode.
[2026-08-08 11:37:01:371] [INFO]: MongoDB Connected: 127.0.0.1
[2026-08-08 11:37:01:371] [INFO]: MongoDB Connected: 127.0.0.1
[2026-08-08 11:37:01:371] [INFO]: ===============================================
[2026-08-08 11:37:01:371] [INFO]: Starting Chhattisgarh Awards Database Seeding...
[2026-08-08 11:37:01:371] [INFO]: ===============================================
[2026-08-08 11:37:01:371] [INFO]: System Roles seeded successfully.
[2026-08-08 11:37:01:371] [INFO]: Super Admin user admin@gmail.com already exists.
[2026-08-08 11:37:01:371] [INFO]: 25 Award Categories seeded successfully.
[2026-08-08 11:37:01:371] [INFO]: CMS default content seeded successfully.
[2026-08-08 11:37:01:371] [INFO]: Portal settings initialized successfully.
[2026-08-08 11:37:01:371] [INFO]: Seeding completed cleanly!
[2026-08-08 11:37:01:371] [INFO]: ===================================================
[2026-08-08 11:37:01:371] [INFO]: Server running in development mode on port 5000
[2026-08-08 11:37:01:371] [INFO]: API Base URL: http://localhost:5000/api/v1
[2026-08-08 11:37:01:371] [INFO]: Swagger Documentation: http://localhost:5000/api/docs
[2026-08-08 11:37:01:371] [INFO]: ===================================================
[2026-08-08 12:06:07:67] [INFO]: MongoDB Connected: 127.0.0.1
[2026-08-08 12:06:07:67] [INFO]: MongoDB Connected: 127.0.0.1
[2026-08-08 12:06:07:67] [INFO]: ===============================================
[2026-08-08 12:06:07:67] [INFO]: Starting Chhattisgarh Awards Database Seeding...
[2026-08-08 12:06:07:67] [INFO]: ===============================================
[2026-08-08 12:06:07:67] [INFO]: System Roles seeded successfully.
[2026-08-08 12:06:07:67] [INFO]: Super Admin user admin@gmail.com already exists.
[2026-08-08 12:06:07:67] [INFO]: 25 Award Categories seeded successfully.
[2026-08-08 12:06:07:67] [INFO]: CMS default content seeded successfully.
[2026-08-08 12:06:07:67] [INFO]: Portal settings initialized successfully.
[2026-08-08 12:06:07:67] [INFO]: Seeding completed cleanly!
[2026-08-08 12:06:07:67] [INFO]: ===================================================
[2026-08-08 12:06:07:67] [INFO]: Server running in development mode on port 5000
[2026-08-08 12:06:07:67] [INFO]: API Base URL: http://localhost:5000/api/v1
[2026-08-08 12:06:07:67] [INFO]: Swagger Documentation: http://localhost:5000/api/docs
[2026-08-08 12:06:07:67] [INFO]: ===================================================
[2026-08-08 12:10:17:1017] [INFO]: MongoDB Connected: 127.0.0.1
[2026-08-08 12:10:17:1017] [INFO]: MongoDB Connected: 127.0.0.1
[2026-08-08 12:10:17:1017] [INFO]: ===============================================
[2026-08-08 12:10:17:1017] [INFO]: Starting Chhattisgarh Awards Database Seeding...
[2026-08-08 12:10:17:1017] [INFO]: ===============================================
[2026-08-08 12:10:17:1017] [INFO]: System Roles seeded successfully.
[2026-08-08 12:10:17:1017] [INFO]: Super Admin user admin@gmail.com already exists.
[2026-08-08 12:10:17:1017] [INFO]: 25 Award Categories seeded successfully.
[2026-08-08 12:10:17:1017] [INFO]: CMS default content seeded successfully.
[2026-08-08 12:10:17:1017] [INFO]: Portal settings initialized successfully.
[2026-08-08 12:10:17:1017] [INFO]: Seeding completed cleanly!
[2026-08-08 12:10:17:1017] [INFO]: ===================================================
[2026-08-08 12:10:17:1017] [INFO]: Server running in development mode on port 5000
[2026-08-08 12:10:17:1017] [INFO]: API Base URL: http://localhost:5000/api/v1
[2026-08-08 12:10:17:1017] [INFO]: Swagger Documentation: http://localhost:5000/api/docs
[2026-08-08 12:10:17:1017] [INFO]: ===================================================
